Script started on 2015年03月13日 (週五) 19時58分41秒
]0;F74036051@2015cpp: ~/lab1F74036051@2015cpp:~/lab1$ shoa[K[K[K[Kwhomai;pwd
No command 'whomai' found, did you mean:
 Command 'whoami' from package 'coreutils' (main)
whomai: command not found
/home/F74036051/lab1
]0;F74036051@2015cpp: ~/lab1F74036051@2015cpp:~/lab1$ git con[K[K[K[K[K[K[Kcd lab1
]0;F74036051@2015cpp: ~/lab1/lab1F74036051@2015cpp:~/lab1/lab1$ cd
]0;F74036051@2015cpp: ~F74036051@2015cpp:~$ cd[K[Kscript a,script
Script started, file is a,script
]0;F74036051@2015cpp: ~F74036051@2015cpp:~$ script a.script
Script started, file is a.script
]0;F74036051@2015cpp: ~F74036051@2015cpp:~$ whoami;pwd
F74036051
/home/F74036051
]0;F74036051@2015cpp: ~F74036051@2015cpp:~$ git config -l
user.name=f74036051
user.email=f74036051@ncku.edu.tw
]0;F74036051@2015cpp: ~F74036051@2015cpp:~$ git clone https://gitbu[K[Kub.com/f740360 51/lab1.git
fatal: destination path 'lab1' already exists and is not an empty directory.
]0;F74036051@2015cpp: ~F74036051@2015cpp:~$ exit
Script done, file is a.script
]0;F74036051@2015cpp: ~F74036051@2015cpp:~$ cat a.script
Script started on 2015年03月13日 (週五) 19時59分35秒
]0;F74036051@2015cpp: ~F74036051@2015cpp:~$ whoami;pwd
F74036051
/home/F74036051
]0;F74036051@2015cpp: ~F74036051@2015cpp:~$ git config -l
user.name=f74036051
user.email=f74036051@ncku.edu.tw
]0;F74036051@2015cpp: ~F74036051@2015cpp:~$ git clone https://gitbu[K[Kub.com/f740360 51/lab1.git
fatal: destination path 'lab1' already exists and is not an empty directory.
]0;F74036051@2015cpp: ~F74036051@2015cpp:~$ exit

Script done on 2015年03月13日 (週五) 20時00分22秒
]0;F74036051@2015cpp: ~F74036051@2015cpp:~$ mv a.script lab1
]0;F74036051@2015cpp: ~F74036051@2015cpp:~$ git add a.script
fatal: Not a git repository (or any parent up to mount parent )
Stopping at filesystem boundary (GIT_DISCOVERY_ACROSS_FILESYSTEM not set).
]0;F74036051@2015cpp: ~F74036051@2015cpp:~$ g[Kgit add.
git: 'add.' is not a git command. See 'git --help'.

Did you mean this?
	add
]0;F74036051@2015cpp: ~F74036051@2015cpp:~$ git add .
fatal: Not a git repository (or any parent up to mount parent )
Stopping at filesystem boundary (GIT_DISCOVERY_ACROSS_FILESYSTEM not set).
]0;F74036051@2015cpp: ~F74036051@2015cpp:~$ git add lab1
fatal: Not a git repository (or any parent up to mount parent )
Stopping at filesystem boundary (GIT_DISCOVERY_ACROSS_FILESYSTEM not set).
]0;F74036051@2015cpp: ~F74036051@2015cpp:~$ cd lan[Kb1
]0;F74036051@2015cpp: ~/lab1F74036051@2015cpp:~/lab1$ git a.script[Ca.scriptda.scriptda.script a.script
]0;F74036051@2015cpp: ~/lab1F74036051@2015cpp:~/lab1$ git commit
[?1049h[?1h=[1;17r[?12;25h[?12l[?25h[27m[m[H[2J[?25l[17;1H".git/COMMIT_EDITMSG" 20L, 616C[>c[2;1H[34m# Please enter the commit message for your changes. Linee[3;1Hs starting
# with '#' will be ignored, and an empty message aborts  [5;1Hthe commit.
# On branch [m[35mmaster[m
[34m# [m[35mChanges to be committed:[m
[34m#   (use "git reset HEAD <file>..." to unstage)
#
#       [m[32mnew file[m[34m: [m[31m  a.script[m
[34m#
# [m[35mChanges not staged for commit:[m
[34m#   (use "git add/rm <file>..." to update what will be cc[14;1Hommitted)
#   (use "git checkout -- <file>..." to discard changes  [16;1Hin working directory)[m[17;39H1,0-1[8C頂端[1;1H[?12l[?25h[?25l[17;1H[1m-- 插入 --[m[17;11H[K[17;39H1,1[10C頂端[1;1H[?12l[?25h[?25l[33mc[m[17;41H2[1;2H[?12l[?25h[?25l[33mcr[m[17;41H3[1;3H[?12l[?25h[?25l[33mri[m[17;41H4[1;4H[?12l[?25h[?25l[33mip[m[17;41H5[1;5H[?12l[?25h[?25l[33mpt[m[17;41H6[1;6H[?12l[?25h[?25l[33m [m[17;41H7[1;7H[?12l[?25h[?25l[17;41H6[1;6H[?12l[?25h[?25l[17;41H5[1;5H[?12l[?25h[?25l[17;41H4[1;4H[?12l[?25h[?25l[17;41H3[1;3H[?12l[?25h[?25l[17;41H2[1;2H[?12l[?25h[?25l[17;41H1[1;1H[?12l[?25h[?25l[33mscript [m[17;41H2[1;2H[?12l[?25h[?25l[17;41H3[1;3H[?12l[?25h[?25l[17;41H4[1;4H[?12l[?25h[?25l[17;41H5[1;5H[?12l[?25h[?25l[17;41H6[1;6H[?12l[?25h[?25l[17;41H7[1;7H[?12l[?25h[?25l[1C[33m [m[17;41H8[1;8H[?12l[?25h[?25l[33m c [m[17;41H9[1;9H[?12l[?25h[?25l[33mcr [m[17;41H10[1;10H[?12l[?25h[?25l[33mre [m[17;42H1[1;11H[?12l[?25h[?25l[33mea [m[17;42H2[1;12H[?12l[?25h[?25l[33mat [m[17;42H3[1;13H[?12l[?25h[?25l[33mte [m[17;42H4[1;14H[?12l[?25h[17;1H[K[1;13H[?25l[17;39H1,13[9C頂端[1;13H[?12l[?25h[?25l[17;39H[K[17;1H:[?12l[?25hw[?25l[?12l[?25hq[?25l[?12l[?25h[?25l".git/COMMIT_EDITMSG"<git/COMMIT_EDITMSG" 20L, 630C 已寫入
[?1l>[?12l[?25h[?1049l[master a01efac] script create
 1 file changed, 12 insertions(+)
 create mode 100644 a.script
]0;F74036051@2015cpp: ~/lab1F74036051@2015cpp:~/lab1$ git remote add  oriti[K[K[K[K[K[Ka.script https: //githun[Kb.com[C[C[C[C[C[C[C/f74036051/lab1.git
]0;F74036051@2015cpp: ~/lab1F74036051@2015cpp:~/lab1$ git pusg[Kg[Kh -u origin master
Username for 'https://github.com': F74036051
Password for 'https://F74036051@github.com': 
To https://github.com/f74036051/lab1.git
   837259e..a01efac  master -> master
Branch master set up to track remote branch master from origin.
]0;F74036051@2015cpp: ~/lab1F74036051@2015cpp:~/lab1$ cat a.script
Script started on 2015年03月13日 (週五) 19時59分35秒
]0;F74036051@2015cpp: ~F74036051@2015cpp:~$ whoami;pwd
F74036051
/home/F74036051
]0;F74036051@2015cpp: ~F74036051@2015cpp:~$ git config -l
user.name=f74036051
user.email=f74036051@ncku.edu.tw
]0;F74036051@2015cpp: ~F74036051@2015cpp:~$ git clone https://gitbu[K[Kub.com/f740360 51/lab1.git
fatal: destination path 'lab1' already exists and is not an empty directory.
]0;F74036051@2015cpp: ~F74036051@2015cpp:~$ exit

Script done on 2015年03月13日 (週五) 20時00分22秒
]0;F74036051@2015cpp: ~/lab1F74036051@2015cpp:~/lab1$ ls
[0m[01;32ma[0m  a.cpp  a.script  [01;34mlab1[0m  lab1.script  README.md
]0;F74036051@2015cpp: ~/lab1F74036051@2015cpp:~/lab1$ rm a.script
]0;F74036051@2015cpp: ~/lab1F74036051@2015cpp:~/lab1$ rmlab1
rmlab1: command not found
]0;F74036051@2015cpp: ~/lab1F74036051@2015cpp:~/lab1$ rm lab1
rm: cannot remove `lab1': Is a directory
]0;F74036051@2015cpp: ~/lab1F74036051@2015cpp:~/lab1$ rmdir lab1
rmdir: failed to remove `lab1': Directory not empty
]0;F74036051@2015cpp: ~/lab1F74036051@2015cpp:~/lab1$ cd lab1
]0;F74036051@2015cpp: ~/lab1/lab1F74036051@2015cpp:~/lab1/lab1$ 
]0;F74036051@2015cpp: ~/lab1/lab1F74036051@2015cpp:~/lab1/lab1$ ls
]0;F74036051@2015cpp: ~/lab1/lab1F74036051@2015cpp:~/lab1/lab1$ ls[K[Kcs[Kd
]0;F74036051@2015cpp: ~F74036051@2015cpp:~$ cd lab1
]0;F74036051@2015cpp: ~/lab1F74036051@2015cpp:~/lab1$ ls
[0m[01;32ma[0m  a.cpp  [01;34mlab1[0m  lab1.script  README.md
]0;F74036051@2015cpp: ~/lab1F74036051@2015cpp:~/lab1$ cs[Kd
]0;F74036051@2015cpp: ~F74036051@2015cpp:~$ script running.script
Script started, file is running.script
]0;F74036051@2015cpp: ~F74036051@2015cpp:~$ cd lab1
]0;F74036051@2015cpp: ~/lab1F74036051@2015cpp:~/lab1$ ./a
please input n
22
22 11 34 17 52 26 13 40 20 10 5 16 8 4 2 1 
]0;F74036051@2015cpp: ~/lab1F74036051@2015cpp:~/lab1$ cd
]0;F74036051@2015cpp: ~F74036051@2015cpp:~$ whoami;pwd
F74036051
/home/F74036051
]0;F74036051@2015cpp: ~F74036051@2015cpp:~$ git cong[Kfig -l
user.name=f74036051
user.email=f74036051@ncku.edu.tw
]0;F74036051@2015cpp: ~F74036051@2015cpp:~$ git clone https://github.com/<your  github account>/lab1.git[1P/lab1.git[1P/lab1.git[1P/lab1.git[1P/lab1.git[1P/lab1.git[1P/lab1.git[1P/lab1.git[1P/lab1.git[C[C[C[C[C[C[C[1P/lab1.git[C[C[C[C[C[C[1P/lab1.git[C[C[C[C[C[1P/lab1.git[C[C[C[C[1P/lab1.git[C[C[C[1P/